[INFO] Scanning for projects...
[INFO] 
[INFO] -----------------------< com.example:downloader >-----------------------
[INFO] Building downloader 0.0.1-SNAPSHOT
[INFO]   from pom.xml
[INFO] --------------------------------[ jar ]---------------------------------
[INFO] 
[INFO] --- clean:3.4.1:clean (default-clean) @ downloader ---
[INFO] Deleting D:\Multi_thread_download\backend\target
[INFO] 
[INFO] --- resources:3.3.1:resources (default-resources) @ downloader ---
[INFO] Copying 1 resource from src\main\resources to target\classes
[INFO] Copying 0 resource from src\main\resources to target\classes
[INFO] 
[INFO] --- compiler:3.13.0:compile (default-compile) @ downloader ---
[INFO] Recompiling the module because of changed source code.
[INFO] Compiling 11 source files with javac [debug parameters release 21] to target\classes
[INFO] ------------------------------------------------------------------------
[INFO] BUILD SUCCESS
[INFO] ------------------------------------------------------------------------
[INFO] Total time:  1.557 s
[INFO] Finished at: 2026-03-12T21:44:12+05:30
[INFO] ------------------------------------------------------------------------
